// Jest Snapshot v1, https://goo.gl/fbAQLP

exports[`should match snapshot 1`] = `
<Text
  style={
    {
      "color": "black",
      "fontFamily": "Poppins-Light",
      "fontSize": 14,
      "fontWeight": "400",
      "textAlign": "left",
    }
  }
  testID="test-label-id"
>
  test label
</Text>
`;
