// Jest Snapshot v1, https://goo.gl/fbAQLP

exports[`should match snapshot 1`] = `
<View
  style={
    [
      {
        "alignItems": "stretch",
        "flex": undefined,
        "flexDirection": "column",
        "justifyContent": "flex-start",
        "width": "100%",
      },
      undefined,
    ]
  }
  testID="test-maintemplate-id"
>
  <Text
    style={
      {
        "color": "black",
        "fontFamily": "Poppins-Light",
        "fontSize": 14,
        "fontWeight": "400",
        "textAlign": "left",
      }
    }
  >
    Main Template
  </Text>
</View>
`;
