// Jest Snapshot v1, https://goo.gl/fbAQLP

exports[`should match snapshot 1`] = `
<View
  style={
    [
      {
        "alignItems": "stretch",
        "flex": 1,
        "flexDirection": "column",
        "justifyContent": "flex-start",
        "width": "100%",
      },
      undefined,
    ]
  }
  testID="test-marketlist-id"
>
  <RCTScrollView
    ItemSeparatorComponent={[Function]}
    ListHeaderComponent={
      <MarketHeader
        buttonLabel="View more"
        header="Latest Market"
        onButtonPress={[MockFunction]}
        testId="marketlist-marketheader"
      />
    }
    data={
      [
        {
          "id": "f944faa6-d6fb-4a31-b099-f3a638b3ff02",
          "name": "Bitcoin",
          "percent": "4.5",
          "value": "0.02137",
        },
        {
          "id": "3343e4a6-fe82-4e8a-8fac-b9ca0d612242",
          "name": "Bitcoin",
          "percent": "-4.5",
          "value": "0.02137",
        },
        {
          "id": "3b3621cc-a76a-42ad-96a2-0a74e543aeac",
          "name": "Bitcoin",
          "percent": "4.5",
          "value": "0.02137",
        },
        {
          "id": "cfbdff7b-55de-4058-a6cc-84ebf24a913a",
          "name": "Bitcoin",
          "percent": "-4.5",
          "value": "0.02137",
        },
        {
          "id": "f2a5713a-cb75-4460-ae22-29a98432aa47",
          "name": "Bitcoin",
          "percent": "4.5",
          "value": "0.02137",
        },
        {
          "id": "a8f5e82d-948a-4974-9c26-a6b3b5288659",
          "name": "Bitcoin",
          "percent": "-4.5",
          "value": "0.02137",
        },
        {
          "id": "324deaaf-fdc3-4e5c-b81c-2a15b50a2497",
          "name": "Bitcoin",
          "percent": "-4.5",
          "value": "0.02137",
        },
        {
          "id": "52b72c45-f9d5-440c-ae3f-e3192c17128d",
          "name": "Bitcoin",
          "percent": "-4.5",
          "value": "0.02137",
        },
        {
          "id": "c8c168ea-bff9-4cd6-9bb6-4b66e1f26f42",
          "name": "Bitcoin",
          "percent": "4.5",
          "value": "0.02137",
        },
        {
          "id": "dc0254c6-e503-4cc3-a4db-2a57adad9c7b",
          "name": "Bitcoin",
          "percent": "-4.5",
          "value": "0.02137",
        },
      ]
    }
    getItem={[Function]}
    getItemCount={[Function]}
    keyExtractor={[Function]}
    onContentSizeChange={[Function]}
    onLayout={[Function]}
    onMomentumScrollBegin={[Function]}
    onMomentumScrollEnd={[Function]}
    onScroll={[Function]}
    onScrollBeginDrag={[Function]}
    onScrollEndDrag={[Function]}
    removeClippedSubviews={false}
    renderItem={[Function]}
    scrollEventThrottle={50}
    stickyHeaderIndices={[]}
    testID="marketlist-flatlist"
    viewabilityConfigCallbackPairs={[]}
  >
    <View>
      <View
        onLayout={[Function]}
      >
        <View
          style={
            [
              {
                "alignItems": "center",
                "flex": undefined,
                "flexDirection": "row",
                "justifyContent": "space-around",
                "width": "100%",
              },
              {
                "marginTop": 20,
              },
            ]
          }
          testID="marketlist-marketheader"
        >
          <Text
            style={
              {
                "color": "black",
                "fontFamily": "Poppins-Bold",
                "fontSize": 20,
                "textAlign": "left",
              }
            }
            testID="marketheader-header"
          >
            Latest Market
          </Text>
          <View
            accessibilityRole="button"
            accessibilityState={
              {
                "busy": undefined,
                "checked": undefined,
                "disabled": false,
                "expanded": undefined,
                "selected": undefined,
              }
            }
            accessibilityValue={
              {
                "max": undefined,
                "min": undefined,
                "now": undefined,
                "text": undefined,
              }
            }
            accessible={true}
            collapsable={false}
            focusable={true}
            onBlur={[Function]}
            onClick={[Function]}
            onFocus={[Function]}
            onResponderGrant={[Function]}
            onResponderMove={[Function]}
            onResponderRelease={[Function]}
            onResponderTerminate={[Function]}
            onResponderTerminationRequest={[Function]}
            onStartShouldSetResponder={[Function]}
            style={
              [
                {
                  "alignItems": "center",
                  "borderRadius": 8,
                  "borderStyle": "solid",
                  "borderWidth": 1,
                  "height": 65,
                  "justifyContent": "center",
                  "opacity": 1,
                },
                false,
                {
                  "borderWidth": 0,
                  "height": 50,
                },
              ]
            }
            testID="marketheader-button"
          >
            <Text
              style={
                [
                  {
                    "fontFamily": "Poppins-Bold",
                    "fontSize": 18,
                    "textAlign": "center",
                  },
                  {
                    "color": "#363062",
                    "fontSize": 14,
                  },
                ]
              }
              testID="button-text"
            >
              View more
            </Text>
          </View>
        </View>
      </View>
      <View
        onFocusCapture={[Function]}
        onLayout={[Function]}
        style={null}
      >
        <View
          style={
            [
              {
                "alignItems": "center",
                "flex": undefined,
                "flexDirection": "row",
                "justifyContent": "space-between",
                "width": "100%",
              },
              {
                "marginVertical": 13,
                "paddingHorizontal": 30,
              },
            ]
          }
          testID="marketlist-marketitem-f944faa6-d6fb-4a31-b099-f3a638b3ff02"
        >
          <View
            style={
              [
                {
                  "alignItems": "center",
                  "flex": 5,
                  "flexDirection": "row",
                  "justifyContent": "flex-start",
                  "width": "100%",
                },
                undefined,
              ]
            }
          >
            <View
              style={
                [
                  {
                    "alignItems": "stretch",
                    "flex": undefined,
                    "flexDirection": "column",
                    "justifyContent": "flex-start",
                    "width": "100%",
                  },
                  {
                    "alignItems": "center",
                    "backgroundColor": "#346EC5",
                    "borderRadius": 45,
                    "height": 45,
                    "justifyContent": "center",
                    "marginRight": 15,
                    "width": 45,
                  },
                ]
              }
            >
              <SvgMock
                height={20}
                testID="marketitem-img"
                width="100%"
              />
            </View>
            <View
              style={
                [
                  {
                    "alignItems": "flex-start",
                    "flex": undefined,
                    "flexDirection": "column",
                    "justifyContent": "center",
                    "width": "100%",
                  },
                  undefined,
                ]
              }
            >
              <Text
                style={
                  {
                    "color": "#3D454B",
                    "fontFamily": "Poppins-Bold",
                    "fontSize": 20,
                    "textAlign": "left",
                  }
                }
                testID="marketitem-value"
              >
                $ 
                0.02137
              </Text>
              <Text
                style={
                  {
                    "color": "#6B6B6B",
                    "fontFamily": "Poppins-Light",
                    "fontSize": 12,
                    "fontWeight": "400",
                    "textAlign": "left",
                  }
                }
                testID="marketitem-name"
              >
                Bitcoin
              </Text>
            </View>
          </View>
          <View
            style={
              [
                {
                  "alignItems": "center",
                  "flex": 1,
                  "flexDirection": "row",
                  "justifyContent": "flex-end",
                  "width": "100%",
                },
                undefined,
              ]
            }
          >
            <View
              style={
                [
                  {
                    "alignItems": "stretch",
                    "flex": undefined,
                    "flexDirection": "column",
                    "justifyContent": "flex-start",
                    "width": "100%",
                  },
                  {
                    "marginRight": 10,
                    "width": "auto",
                  },
                ]
              }
            >
              <Text
                style={
                  {
                    "color": "#53E520",
                    "fontFamily": "Poppins-Bold",
                    "fontSize": 14,
                    "textAlign": "left",
                  }
                }
                testID="marketitem-percent"
              >
                4.5
                %
              </Text>
            </View>
            <SvgMock
              height={12}
              testID="marketitem-dash"
              width={12}
            />
          </View>
        </View>
        <View
          style={
            [
              {
                "alignItems": "center",
                "flex": undefined,
                "flexDirection": "column",
                "justifyContent": "center",
                "width": "100%",
              },
              undefined,
            ]
          }
        >
          <View
            style={
              [
                {
                  "alignItems": "stretch",
                  "flex": undefined,
                  "flexDirection": "column",
                  "justifyContent": "flex-start",
                  "width": "100%",
                },
                {
                  "backgroundColor": "#F6F6F6",
                  "height": 1,
                  "width": "85%",
                },
              ]
            }
          />
        </View>
      </View>
      <View
        onFocusCapture={[Function]}
        onLayout={[Function]}
        style={null}
      >
        <View
          style={
            [
              {
                "alignItems": "center",
                "flex": undefined,
                "flexDirection": "row",
                "justifyContent": "space-between",
                "width": "100%",
              },
              {
                "marginVertical": 13,
                "paddingHorizontal": 30,
              },
            ]
          }
          testID="marketlist-marketitem-3343e4a6-fe82-4e8a-8fac-b9ca0d612242"
        >
          <View
            style={
              [
                {
                  "alignItems": "center",
                  "flex": 5,
                  "flexDirection": "row",
                  "justifyContent": "flex-start",
                  "width": "100%",
                },
                undefined,
              ]
            }
          >
            <View
              style={
                [
                  {
                    "alignItems": "stretch",
                    "flex": undefined,
                    "flexDirection": "column",
                    "justifyContent": "flex-start",
                    "width": "100%",
                  },
                  {
                    "alignItems": "center",
                    "backgroundColor": "#346EC5",
                    "borderRadius": 45,
                    "height": 45,
                    "justifyContent": "center",
                    "marginRight": 15,
                    "width": 45,
                  },
                ]
              }
            >
              <SvgMock
                height={20}
                testID="marketitem-img"
                width="100%"
              />
            </View>
            <View
              style={
                [
                  {
                    "alignItems": "flex-start",
                    "flex": undefined,
                    "flexDirection": "column",
                    "justifyContent": "center",
                    "width": "100%",
                  },
                  undefined,
                ]
              }
            >
              <Text
                style={
                  {
                    "color": "#3D454B",
                    "fontFamily": "Poppins-Bold",
                    "fontSize": 20,
                    "textAlign": "left",
                  }
                }
                testID="marketitem-value"
              >
                $ 
                0.02137
              </Text>
              <Text
                style={
                  {
                    "color": "#6B6B6B",
                    "fontFamily": "Poppins-Light",
                    "fontSize": 12,
                    "fontWeight": "400",
                    "textAlign": "left",
                  }
                }
                testID="marketitem-name"
              >
                Bitcoin
              </Text>
            </View>
          </View>
          <View
            style={
              [
                {
                  "alignItems": "center",
                  "flex": 1,
                  "flexDirection": "row",
                  "justifyContent": "flex-end",
                  "width": "100%",
                },
                undefined,
              ]
            }
          >
            <View
              style={
                [
                  {
                    "alignItems": "stretch",
                    "flex": undefined,
                    "flexDirection": "column",
                    "justifyContent": "flex-start",
                    "width": "100%",
                  },
                  {
                    "marginRight": 10,
                    "width": "auto",
                  },
                ]
              }
            >
              <Text
                style={
                  {
                    "color": "#E52020",
                    "fontFamily": "Poppins-Bold",
                    "fontSize": 14,
                    "textAlign": "left",
                  }
                }
                testID="marketitem-percent"
              >
                -4.5
                %
              </Text>
            </View>
            <SvgMock
              height={12}
              testID="marketitem-dash"
              width={12}
            />
          </View>
        </View>
        <View
          style={
            [
              {
                "alignItems": "center",
                "flex": undefined,
                "flexDirection": "column",
                "justifyContent": "center",
                "width": "100%",
              },
              undefined,
            ]
          }
        >
          <View
            style={
              [
                {
                  "alignItems": "stretch",
                  "flex": undefined,
                  "flexDirection": "column",
                  "justifyContent": "flex-start",
                  "width": "100%",
                },
                {
                  "backgroundColor": "#F6F6F6",
                  "height": 1,
                  "width": "85%",
                },
              ]
            }
          />
        </View>
      </View>
      <View
        onFocusCapture={[Function]}
        onLayout={[Function]}
        style={null}
      >
        <View
          style={
            [
              {
                "alignItems": "center",
                "flex": undefined,
                "flexDirection": "row",
                "justifyContent": "space-between",
                "width": "100%",
              },
              {
                "marginVertical": 13,
                "paddingHorizontal": 30,
              },
            ]
          }
          testID="marketlist-marketitem-3b3621cc-a76a-42ad-96a2-0a74e543aeac"
        >
          <View
            style={
              [
                {
                  "alignItems": "center",
                  "flex": 5,
                  "flexDirection": "row",
                  "justifyContent": "flex-start",
                  "width": "100%",
                },
                undefined,
              ]
            }
          >
            <View
              style={
                [
                  {
                    "alignItems": "stretch",
                    "flex": undefined,
                    "flexDirection": "column",
                    "justifyContent": "flex-start",
                    "width": "100%",
                  },
                  {
                    "alignItems": "center",
                    "backgroundColor": "#346EC5",
                    "borderRadius": 45,
                    "height": 45,
                    "justifyContent": "center",
                    "marginRight": 15,
                    "width": 45,
                  },
                ]
              }
            >
              <SvgMock
                height={20}
                testID="marketitem-img"
                width="100%"
              />
            </View>
            <View
              style={
                [
                  {
                    "alignItems": "flex-start",
                    "flex": undefined,
                    "flexDirection": "column",
                    "justifyContent": "center",
                    "width": "100%",
                  },
                  undefined,
                ]
              }
            >
              <Text
                style={
                  {
                    "color": "#3D454B",
                    "fontFamily": "Poppins-Bold",
                    "fontSize": 20,
                    "textAlign": "left",
                  }
                }
                testID="marketitem-value"
              >
                $ 
                0.02137
              </Text>
              <Text
                style={
                  {
                    "color": "#6B6B6B",
                    "fontFamily": "Poppins-Light",
                    "fontSize": 12,
                    "fontWeight": "400",
                    "textAlign": "left",
                  }
                }
                testID="marketitem-name"
              >
                Bitcoin
              </Text>
            </View>
          </View>
          <View
            style={
              [
                {
                  "alignItems": "center",
                  "flex": 1,
                  "flexDirection": "row",
                  "justifyContent": "flex-end",
                  "width": "100%",
                },
                undefined,
              ]
            }
          >
            <View
              style={
                [
                  {
                    "alignItems": "stretch",
                    "flex": undefined,
                    "flexDirection": "column",
                    "justifyContent": "flex-start",
                    "width": "100%",
                  },
                  {
                    "marginRight": 10,
                    "width": "auto",
                  },
                ]
              }
            >
              <Text
                style={
                  {
                    "color": "#53E520",
                    "fontFamily": "Poppins-Bold",
                    "fontSize": 14,
                    "textAlign": "left",
                  }
                }
                testID="marketitem-percent"
              >
                4.5
                %
              </Text>
            </View>
            <SvgMock
              height={12}
              testID="marketitem-dash"
              width={12}
            />
          </View>
        </View>
        <View
          style={
            [
              {
                "alignItems": "center",
                "flex": undefined,
                "flexDirection": "column",
                "justifyContent": "center",
                "width": "100%",
              },
              undefined,
            ]
          }
        >
          <View
            style={
              [
                {
                  "alignItems": "stretch",
                  "flex": undefined,
                  "flexDirection": "column",
                  "justifyContent": "flex-start",
                  "width": "100%",
                },
                {
                  "backgroundColor": "#F6F6F6",
                  "height": 1,
                  "width": "85%",
                },
              ]
            }
          />
        </View>
      </View>
      <View
        onFocusCapture={[Function]}
        onLayout={[Function]}
        style={null}
      >
        <View
          style={
            [
              {
                "alignItems": "center",
                "flex": undefined,
                "flexDirection": "row",
                "justifyContent": "space-between",
                "width": "100%",
              },
              {
                "marginVertical": 13,
                "paddingHorizontal": 30,
              },
            ]
          }
          testID="marketlist-marketitem-cfbdff7b-55de-4058-a6cc-84ebf24a913a"
        >
          <View
            style={
              [
                {
                  "alignItems": "center",
                  "flex": 5,
                  "flexDirection": "row",
                  "justifyContent": "flex-start",
                  "width": "100%",
                },
                undefined,
              ]
            }
          >
            <View
              style={
                [
                  {
                    "alignItems": "stretch",
                    "flex": undefined,
                    "flexDirection": "column",
                    "justifyContent": "flex-start",
                    "width": "100%",
                  },
                  {
                    "alignItems": "center",
                    "backgroundColor": "#346EC5",
                    "borderRadius": 45,
                    "height": 45,
                    "justifyContent": "center",
                    "marginRight": 15,
                    "width": 45,
                  },
                ]
              }
            >
              <SvgMock
                height={20}
                testID="marketitem-img"
                width="100%"
              />
            </View>
            <View
              style={
                [
                  {
                    "alignItems": "flex-start",
                    "flex": undefined,
                    "flexDirection": "column",
                    "justifyContent": "center",
                    "width": "100%",
                  },
                  undefined,
                ]
              }
            >
              <Text
                style={
                  {
                    "color": "#3D454B",
                    "fontFamily": "Poppins-Bold",
                    "fontSize": 20,
                    "textAlign": "left",
                  }
                }
                testID="marketitem-value"
              >
                $ 
                0.02137
              </Text>
              <Text
                style={
                  {
                    "color": "#6B6B6B",
                    "fontFamily": "Poppins-Light",
                    "fontSize": 12,
                    "fontWeight": "400",
                    "textAlign": "left",
                  }
                }
                testID="marketitem-name"
              >
                Bitcoin
              </Text>
            </View>
          </View>
          <View
            style={
              [
                {
                  "alignItems": "center",
                  "flex": 1,
                  "flexDirection": "row",
                  "justifyContent": "flex-end",
                  "width": "100%",
                },
                undefined,
              ]
            }
          >
            <View
              style={
                [
                  {
                    "alignItems": "stretch",
                    "flex": undefined,
                    "flexDirection": "column",
                    "justifyContent": "flex-start",
                    "width": "100%",
                  },
                  {
                    "marginRight": 10,
                    "width": "auto",
                  },
                ]
              }
            >
              <Text
                style={
                  {
                    "color": "#E52020",
                    "fontFamily": "Poppins-Bold",
                    "fontSize": 14,
                    "textAlign": "left",
                  }
                }
                testID="marketitem-percent"
              >
                -4.5
                %
              </Text>
            </View>
            <SvgMock
              height={12}
              testID="marketitem-dash"
              width={12}
            />
          </View>
        </View>
        <View
          style={
            [
              {
                "alignItems": "center",
                "flex": undefined,
                "flexDirection": "column",
                "justifyContent": "center",
                "width": "100%",
              },
              undefined,
            ]
          }
        >
          <View
            style={
              [
                {
                  "alignItems": "stretch",
                  "flex": undefined,
                  "flexDirection": "column",
                  "justifyContent": "flex-start",
                  "width": "100%",
                },
                {
                  "backgroundColor": "#F6F6F6",
                  "height": 1,
                  "width": "85%",
                },
              ]
            }
          />
        </View>
      </View>
      <View
        onFocusCapture={[Function]}
        onLayout={[Function]}
        style={null}
      >
        <View
          style={
            [
              {
                "alignItems": "center",
                "flex": undefined,
                "flexDirection": "row",
                "justifyContent": "space-between",
                "width": "100%",
              },
              {
                "marginVertical": 13,
                "paddingHorizontal": 30,
              },
            ]
          }
          testID="marketlist-marketitem-f2a5713a-cb75-4460-ae22-29a98432aa47"
        >
          <View
            style={
              [
                {
                  "alignItems": "center",
                  "flex": 5,
                  "flexDirection": "row",
                  "justifyContent": "flex-start",
                  "width": "100%",
                },
                undefined,
              ]
            }
          >
            <View
              style={
                [
                  {
                    "alignItems": "stretch",
                    "flex": undefined,
                    "flexDirection": "column",
                    "justifyContent": "flex-start",
                    "width": "100%",
                  },
                  {
                    "alignItems": "center",
                    "backgroundColor": "#346EC5",
                    "borderRadius": 45,
                    "height": 45,
                    "justifyContent": "center",
                    "marginRight": 15,
                    "width": 45,
                  },
                ]
              }
            >
              <SvgMock
                height={20}
                testID="marketitem-img"
                width="100%"
              />
            </View>
            <View
              style={
                [
                  {
                    "alignItems": "flex-start",
                    "flex": undefined,
                    "flexDirection": "column",
                    "justifyContent": "center",
                    "width": "100%",
                  },
                  undefined,
                ]
              }
            >
              <Text
                style={
                  {
                    "color": "#3D454B",
                    "fontFamily": "Poppins-Bold",
                    "fontSize": 20,
                    "textAlign": "left",
                  }
                }
                testID="marketitem-value"
              >
                $ 
                0.02137
              </Text>
              <Text
                style={
                  {
                    "color": "#6B6B6B",
                    "fontFamily": "Poppins-Light",
                    "fontSize": 12,
                    "fontWeight": "400",
                    "textAlign": "left",
                  }
                }
                testID="marketitem-name"
              >
                Bitcoin
              </Text>
            </View>
          </View>
          <View
            style={
              [
                {
                  "alignItems": "center",
                  "flex": 1,
                  "flexDirection": "row",
                  "justifyContent": "flex-end",
                  "width": "100%",
                },
                undefined,
              ]
            }
          >
            <View
              style={
                [
                  {
                    "alignItems": "stretch",
                    "flex": undefined,
                    "flexDirection": "column",
                    "justifyContent": "flex-start",
                    "width": "100%",
                  },
                  {
                    "marginRight": 10,
                    "width": "auto",
                  },
                ]
              }
            >
              <Text
                style={
                  {
                    "color": "#53E520",
                    "fontFamily": "Poppins-Bold",
                    "fontSize": 14,
                    "textAlign": "left",
                  }
                }
                testID="marketitem-percent"
              >
                4.5
                %
              </Text>
            </View>
            <SvgMock
              height={12}
              testID="marketitem-dash"
              width={12}
            />
          </View>
        </View>
        <View
          style={
            [
              {
                "alignItems": "center",
                "flex": undefined,
                "flexDirection": "column",
                "justifyContent": "center",
                "width": "100%",
              },
              undefined,
            ]
          }
        >
          <View
            style={
              [
                {
                  "alignItems": "stretch",
                  "flex": undefined,
                  "flexDirection": "column",
                  "justifyContent": "flex-start",
                  "width": "100%",
                },
                {
                  "backgroundColor": "#F6F6F6",
                  "height": 1,
                  "width": "85%",
                },
              ]
            }
          />
        </View>
      </View>
      <View
        onFocusCapture={[Function]}
        onLayout={[Function]}
        style={null}
      >
        <View
          style={
            [
              {
                "alignItems": "center",
                "flex": undefined,
                "flexDirection": "row",
                "justifyContent": "space-between",
                "width": "100%",
              },
              {
                "marginVertical": 13,
                "paddingHorizontal": 30,
              },
            ]
          }
          testID="marketlist-marketitem-a8f5e82d-948a-4974-9c26-a6b3b5288659"
        >
          <View
            style={
              [
                {
                  "alignItems": "center",
                  "flex": 5,
                  "flexDirection": "row",
                  "justifyContent": "flex-start",
                  "width": "100%",
                },
                undefined,
              ]
            }
          >
            <View
              style={
                [
                  {
                    "alignItems": "stretch",
                    "flex": undefined,
                    "flexDirection": "column",
                    "justifyContent": "flex-start",
                    "width": "100%",
                  },
                  {
                    "alignItems": "center",
                    "backgroundColor": "#346EC5",
                    "borderRadius": 45,
                    "height": 45,
                    "justifyContent": "center",
                    "marginRight": 15,
                    "width": 45,
                  },
                ]
              }
            >
              <SvgMock
                height={20}
                testID="marketitem-img"
                width="100%"
              />
            </View>
            <View
              style={
                [
                  {
                    "alignItems": "flex-start",
                    "flex": undefined,
                    "flexDirection": "column",
                    "justifyContent": "center",
                    "width": "100%",
                  },
                  undefined,
                ]
              }
            >
              <Text
                style={
                  {
                    "color": "#3D454B",
                    "fontFamily": "Poppins-Bold",
                    "fontSize": 20,
                    "textAlign": "left",
                  }
                }
                testID="marketitem-value"
              >
                $ 
                0.02137
              </Text>
              <Text
                style={
                  {
                    "color": "#6B6B6B",
                    "fontFamily": "Poppins-Light",
                    "fontSize": 12,
                    "fontWeight": "400",
                    "textAlign": "left",
                  }
                }
                testID="marketitem-name"
              >
                Bitcoin
              </Text>
            </View>
          </View>
          <View
            style={
              [
                {
                  "alignItems": "center",
                  "flex": 1,
                  "flexDirection": "row",
                  "justifyContent": "flex-end",
                  "width": "100%",
                },
                undefined,
              ]
            }
          >
            <View
              style={
                [
                  {
                    "alignItems": "stretch",
                    "flex": undefined,
                    "flexDirection": "column",
                    "justifyContent": "flex-start",
                    "width": "100%",
                  },
                  {
                    "marginRight": 10,
                    "width": "auto",
                  },
                ]
              }
            >
              <Text
                style={
                  {
                    "color": "#E52020",
                    "fontFamily": "Poppins-Bold",
                    "fontSize": 14,
                    "textAlign": "left",
                  }
                }
                testID="marketitem-percent"
              >
                -4.5
                %
              </Text>
            </View>
            <SvgMock
              height={12}
              testID="marketitem-dash"
              width={12}
            />
          </View>
        </View>
        <View
          style={
            [
              {
                "alignItems": "center",
                "flex": undefined,
                "flexDirection": "column",
                "justifyContent": "center",
                "width": "100%",
              },
              undefined,
            ]
          }
        >
          <View
            style={
              [
                {
                  "alignItems": "stretch",
                  "flex": undefined,
                  "flexDirection": "column",
                  "justifyContent": "flex-start",
                  "width": "100%",
                },
                {
                  "backgroundColor": "#F6F6F6",
                  "height": 1,
                  "width": "85%",
                },
              ]
            }
          />
        </View>
      </View>
      <View
        onFocusCapture={[Function]}
        onLayout={[Function]}
        style={null}
      >
        <View
          style={
            [
              {
                "alignItems": "center",
                "flex": undefined,
                "flexDirection": "row",
                "justifyContent": "space-between",
                "width": "100%",
              },
              {
                "marginVertical": 13,
                "paddingHorizontal": 30,
              },
            ]
          }
          testID="marketlist-marketitem-324deaaf-fdc3-4e5c-b81c-2a15b50a2497"
        >
          <View
            style={
              [
                {
                  "alignItems": "center",
                  "flex": 5,
                  "flexDirection": "row",
                  "justifyContent": "flex-start",
                  "width": "100%",
                },
                undefined,
              ]
            }
          >
            <View
              style={
                [
                  {
                    "alignItems": "stretch",
                    "flex": undefined,
                    "flexDirection": "column",
                    "justifyContent": "flex-start",
                    "width": "100%",
                  },
                  {
                    "alignItems": "center",
                    "backgroundColor": "#346EC5",
                    "borderRadius": 45,
                    "height": 45,
                    "justifyContent": "center",
                    "marginRight": 15,
                    "width": 45,
                  },
                ]
              }
            >
              <SvgMock
                height={20}
                testID="marketitem-img"
                width="100%"
              />
            </View>
            <View
              style={
                [
                  {
                    "alignItems": "flex-start",
                    "flex": undefined,
                    "flexDirection": "column",
                    "justifyContent": "center",
                    "width": "100%",
                  },
                  undefined,
                ]
              }
            >
              <Text
                style={
                  {
                    "color": "#3D454B",
                    "fontFamily": "Poppins-Bold",
                    "fontSize": 20,
                    "textAlign": "left",
                  }
                }
                testID="marketitem-value"
              >
                $ 
                0.02137
              </Text>
              <Text
                style={
                  {
                    "color": "#6B6B6B",
                    "fontFamily": "Poppins-Light",
                    "fontSize": 12,
                    "fontWeight": "400",
                    "textAlign": "left",
                  }
                }
                testID="marketitem-name"
              >
                Bitcoin
              </Text>
            </View>
          </View>
          <View
            style={
              [
                {
                  "alignItems": "center",
                  "flex": 1,
                  "flexDirection": "row",
                  "justifyContent": "flex-end",
                  "width": "100%",
                },
                undefined,
              ]
            }
          >
            <View
              style={
                [
                  {
                    "alignItems": "stretch",
                    "flex": undefined,
                    "flexDirection": "column",
                    "justifyContent": "flex-start",
                    "width": "100%",
                  },
                  {
                    "marginRight": 10,
                    "width": "auto",
                  },
                ]
              }
            >
              <Text
                style={
                  {
                    "color": "#E52020",
                    "fontFamily": "Poppins-Bold",
                    "fontSize": 14,
                    "textAlign": "left",
                  }
                }
                testID="marketitem-percent"
              >
                -4.5
                %
              </Text>
            </View>
            <SvgMock
              height={12}
              testID="marketitem-dash"
              width={12}
            />
          </View>
        </View>
        <View
          style={
            [
              {
                "alignItems": "center",
                "flex": undefined,
                "flexDirection": "column",
                "justifyContent": "center",
                "width": "100%",
              },
              undefined,
            ]
          }
        >
          <View
            style={
              [
                {
                  "alignItems": "stretch",
                  "flex": undefined,
                  "flexDirection": "column",
                  "justifyContent": "flex-start",
                  "width": "100%",
                },
                {
                  "backgroundColor": "#F6F6F6",
                  "height": 1,
                  "width": "85%",
                },
              ]
            }
          />
        </View>
      </View>
      <View
        onFocusCapture={[Function]}
        onLayout={[Function]}
        style={null}
      >
        <View
          style={
            [
              {
                "alignItems": "center",
                "flex": undefined,
                "flexDirection": "row",
                "justifyContent": "space-between",
                "width": "100%",
              },
              {
                "marginVertical": 13,
                "paddingHorizontal": 30,
              },
            ]
          }
          testID="marketlist-marketitem-52b72c45-f9d5-440c-ae3f-e3192c17128d"
        >
          <View
            style={
              [
                {
                  "alignItems": "center",
                  "flex": 5,
                  "flexDirection": "row",
                  "justifyContent": "flex-start",
                  "width": "100%",
                },
                undefined,
              ]
            }
          >
            <View
              style={
                [
                  {
                    "alignItems": "stretch",
                    "flex": undefined,
                    "flexDirection": "column",
                    "justifyContent": "flex-start",
                    "width": "100%",
                  },
                  {
                    "alignItems": "center",
                    "backgroundColor": "#346EC5",
                    "borderRadius": 45,
                    "height": 45,
                    "justifyContent": "center",
                    "marginRight": 15,
                    "width": 45,
                  },
                ]
              }
            >
              <SvgMock
                height={20}
                testID="marketitem-img"
                width="100%"
              />
            </View>
            <View
              style={
                [
                  {
                    "alignItems": "flex-start",
                    "flex": undefined,
                    "flexDirection": "column",
                    "justifyContent": "center",
                    "width": "100%",
                  },
                  undefined,
                ]
              }
            >
              <Text
                style={
                  {
                    "color": "#3D454B",
                    "fontFamily": "Poppins-Bold",
                    "fontSize": 20,
                    "textAlign": "left",
                  }
                }
                testID="marketitem-value"
              >
                $ 
                0.02137
              </Text>
              <Text
                style={
                  {
                    "color": "#6B6B6B",
                    "fontFamily": "Poppins-Light",
                    "fontSize": 12,
                    "fontWeight": "400",
                    "textAlign": "left",
                  }
                }
                testID="marketitem-name"
              >
                Bitcoin
              </Text>
            </View>
          </View>
          <View
            style={
              [
                {
                  "alignItems": "center",
                  "flex": 1,
                  "flexDirection": "row",
                  "justifyContent": "flex-end",
                  "width": "100%",
                },
                undefined,
              ]
            }
          >
            <View
              style={
                [
                  {
                    "alignItems": "stretch",
                    "flex": undefined,
                    "flexDirection": "column",
                    "justifyContent": "flex-start",
                    "width": "100%",
                  },
                  {
                    "marginRight": 10,
                    "width": "auto",
                  },
                ]
              }
            >
              <Text
                style={
                  {
                    "color": "#E52020",
                    "fontFamily": "Poppins-Bold",
                    "fontSize": 14,
                    "textAlign": "left",
                  }
                }
                testID="marketitem-percent"
              >
                -4.5
                %
              </Text>
            </View>
            <SvgMock
              height={12}
              testID="marketitem-dash"
              width={12}
            />
          </View>
        </View>
        <View
          style={
            [
              {
                "alignItems": "center",
                "flex": undefined,
                "flexDirection": "column",
                "justifyContent": "center",
                "width": "100%",
              },
              undefined,
            ]
          }
        >
          <View
            style={
              [
                {
                  "alignItems": "stretch",
                  "flex": undefined,
                  "flexDirection": "column",
                  "justifyContent": "flex-start",
                  "width": "100%",
                },
                {
                  "backgroundColor": "#F6F6F6",
                  "height": 1,
                  "width": "85%",
                },
              ]
            }
          />
        </View>
      </View>
      <View
        onFocusCapture={[Function]}
        onLayout={[Function]}
        style={null}
      >
        <View
          style={
            [
              {
                "alignItems": "center",
                "flex": undefined,
                "flexDirection": "row",
                "justifyContent": "space-between",
                "width": "100%",
              },
              {
                "marginVertical": 13,
                "paddingHorizontal": 30,
              },
            ]
          }
          testID="marketlist-marketitem-c8c168ea-bff9-4cd6-9bb6-4b66e1f26f42"
        >
          <View
            style={
              [
                {
                  "alignItems": "center",
                  "flex": 5,
                  "flexDirection": "row",
                  "justifyContent": "flex-start",
                  "width": "100%",
                },
                undefined,
              ]
            }
          >
            <View
              style={
                [
                  {
                    "alignItems": "stretch",
                    "flex": undefined,
                    "flexDirection": "column",
                    "justifyContent": "flex-start",
                    "width": "100%",
                  },
                  {
                    "alignItems": "center",
                    "backgroundColor": "#346EC5",
                    "borderRadius": 45,
                    "height": 45,
                    "justifyContent": "center",
                    "marginRight": 15,
                    "width": 45,
                  },
                ]
              }
            >
              <SvgMock
                height={20}
                testID="marketitem-img"
                width="100%"
              />
            </View>
            <View
              style={
                [
                  {
                    "alignItems": "flex-start",
                    "flex": undefined,
                    "flexDirection": "column",
                    "justifyContent": "center",
                    "width": "100%",
                  },
                  undefined,
                ]
              }
            >
              <Text
                style={
                  {
                    "color": "#3D454B",
                    "fontFamily": "Poppins-Bold",
                    "fontSize": 20,
                    "textAlign": "left",
                  }
                }
                testID="marketitem-value"
              >
                $ 
                0.02137
              </Text>
              <Text
                style={
                  {
                    "color": "#6B6B6B",
                    "fontFamily": "Poppins-Light",
                    "fontSize": 12,
                    "fontWeight": "400",
                    "textAlign": "left",
                  }
                }
                testID="marketitem-name"
              >
                Bitcoin
              </Text>
            </View>
          </View>
          <View
            style={
              [
                {
                  "alignItems": "center",
                  "flex": 1,
                  "flexDirection": "row",
                  "justifyContent": "flex-end",
                  "width": "100%",
                },
                undefined,
              ]
            }
          >
            <View
              style={
                [
                  {
                    "alignItems": "stretch",
                    "flex": undefined,
                    "flexDirection": "column",
                    "justifyContent": "flex-start",
                    "width": "100%",
                  },
                  {
                    "marginRight": 10,
                    "width": "auto",
                  },
                ]
              }
            >
              <Text
                style={
                  {
                    "color": "#53E520",
                    "fontFamily": "Poppins-Bold",
                    "fontSize": 14,
                    "textAlign": "left",
                  }
                }
                testID="marketitem-percent"
              >
                4.5
                %
              </Text>
            </View>
            <SvgMock
              height={12}
              testID="marketitem-dash"
              width={12}
            />
          </View>
        </View>
        <View
          style={
            [
              {
                "alignItems": "center",
                "flex": undefined,
                "flexDirection": "column",
                "justifyContent": "center",
                "width": "100%",
              },
              undefined,
            ]
          }
        >
          <View
            style={
              [
                {
                  "alignItems": "stretch",
                  "flex": undefined,
                  "flexDirection": "column",
                  "justifyContent": "flex-start",
                  "width": "100%",
                },
                {
                  "backgroundColor": "#F6F6F6",
                  "height": 1,
                  "width": "85%",
                },
              ]
            }
          />
        </View>
      </View>
      <View
        onFocusCapture={[Function]}
        onLayout={[Function]}
        style={null}
      >
        <View
          style={
            [
              {
                "alignItems": "center",
                "flex": undefined,
                "flexDirection": "row",
                "justifyContent": "space-between",
                "width": "100%",
              },
              {
                "marginVertical": 13,
                "paddingHorizontal": 30,
              },
            ]
          }
          testID="marketlist-marketitem-dc0254c6-e503-4cc3-a4db-2a57adad9c7b"
        >
          <View
            style={
              [
                {
                  "alignItems": "center",
                  "flex": 5,
                  "flexDirection": "row",
                  "justifyContent": "flex-start",
                  "width": "100%",
                },
                undefined,
              ]
            }
          >
            <View
              style={
                [
                  {
                    "alignItems": "stretch",
                    "flex": undefined,
                    "flexDirection": "column",
                    "justifyContent": "flex-start",
                    "width": "100%",
                  },
                  {
                    "alignItems": "center",
                    "backgroundColor": "#346EC5",
                    "borderRadius": 45,
                    "height": 45,
                    "justifyContent": "center",
                    "marginRight": 15,
                    "width": 45,
                  },
                ]
              }
            >
              <SvgMock
                height={20}
                testID="marketitem-img"
                width="100%"
              />
            </View>
            <View
              style={
                [
                  {
                    "alignItems": "flex-start",
                    "flex": undefined,
                    "flexDirection": "column",
                    "justifyContent": "center",
                    "width": "100%",
                  },
                  undefined,
                ]
              }
            >
              <Text
                style={
                  {
                    "color": "#3D454B",
                    "fontFamily": "Poppins-Bold",
                    "fontSize": 20,
                    "textAlign": "left",
                  }
                }
                testID="marketitem-value"
              >
                $ 
                0.02137
              </Text>
              <Text
                style={
                  {
                    "color": "#6B6B6B",
                    "fontFamily": "Poppins-Light",
                    "fontSize": 12,
                    "fontWeight": "400",
                    "textAlign": "left",
                  }
                }
                testID="marketitem-name"
              >
                Bitcoin
              </Text>
            </View>
          </View>
          <View
            style={
              [
                {
                  "alignItems": "center",
                  "flex": 1,
                  "flexDirection": "row",
                  "justifyContent": "flex-end",
                  "width": "100%",
                },
                undefined,
              ]
            }
          >
            <View
              style={
                [
                  {
                    "alignItems": "stretch",
                    "flex": undefined,
                    "flexDirection": "column",
                    "justifyContent": "flex-start",
                    "width": "100%",
                  },
                  {
                    "marginRight": 10,
                    "width": "auto",
                  },
                ]
              }
            >
              <Text
                style={
                  {
                    "color": "#E52020",
                    "fontFamily": "Poppins-Bold",
                    "fontSize": 14,
                    "textAlign": "left",
                  }
                }
                testID="marketitem-percent"
              >
                -4.5
                %
              </Text>
            </View>
            <SvgMock
              height={12}
              testID="marketitem-dash"
              width={12}
            />
          </View>
        </View>
      </View>
    </View>
  </RCTScrollView>
</View>
`;
