// Jest Snapshot v1, https://goo.gl/fbAQLP

exports[`should match snapshot 1`] = `
<View
  style={
    [
      {
        "alignItems": "stretch",
        "flex": undefined,
        "flexDirection": "column",
        "justifyContent": "flex-start",
        "width": "100%",
      },
      {
        "bottom": 20,
        "height": 200,
        "left": 0,
        "position": "absolute",
        "right": 0,
        "width": "100%",
      },
    ]
  }
  testID="test-operationbottombar-id"
/>
`;
