// Jest Snapshot v1, https://goo.gl/fbAQLP

exports[`should match snapshot 1`] = `
<View
  accessibilityIgnoresInvertColors={true}
  style={
    [
      {
        "flex": 1,
      },
      undefined,
    ]
  }
>
  <Image
    source={
      {
        "testUri": "../../../src/img/wave.png",
      }
    }
    style={
      [
        {
          "bottom": 0,
          "left": 0,
          "position": "absolute",
          "right": 0,
          "top": 0,
        },
        {
          "height": undefined,
          "width": undefined,
        },
        undefined,
      ]
    }
    testID="test-background-id"
  />
</View>
`;
