// Jest Snapshot v1, https://goo.gl/fbAQLP

exports[`should match snapshot 1`] = `
<View
  style={
    [
      {
        "alignItems": "center",
        "flex": undefined,
        "flexDirection": "row",
        "justifyContent": "space-between",
        "width": "100%",
      },
      {
        "marginVertical": 13,
        "paddingHorizontal": 30,
      },
    ]
  }
  testID="test-marketitem-id"
>
  <View
    style={
      [
        {
          "alignItems": "center",
          "flex": 5,
          "flexDirection": "row",
          "justifyContent": "flex-start",
          "width": "100%",
        },
        undefined,
      ]
    }
  >
    <View
      style={
        [
          {
            "alignItems": "stretch",
            "flex": undefined,
            "flexDirection": "column",
            "justifyContent": "flex-start",
            "width": "100%",
          },
          {
            "alignItems": "center",
            "backgroundColor": "#346EC5",
            "borderRadius": 45,
            "height": 45,
            "justifyContent": "center",
            "marginRight": 15,
            "width": 45,
          },
        ]
      }
    >
      <SvgMock
        height={20}
        testID="marketitem-img"
        width="100%"
      />
    </View>
    <View
      style={
        [
          {
            "alignItems": "flex-start",
            "flex": undefined,
            "flexDirection": "column",
            "justifyContent": "center",
            "width": "100%",
          },
          undefined,
        ]
      }
    >
      <Text
        style={
          {
            "color": "#3D454B",
            "fontFamily": "Poppins-Bold",
            "fontSize": 20,
            "letterSpacing": undefined,
            "textAlign": "left",
          }
        }
        testID="marketitem-value"
      >
        $ 
        1234
      </Text>
      <Text
        style={
          {
            "color": "#6B6B6B",
            "fontFamily": "Poppins-Light",
            "fontSize": 12,
            "fontWeight": "400",
            "textAlign": "left",
          }
        }
        testID="marketitem-name"
      >
        name
      </Text>
    </View>
  </View>
  <View
    style={
      [
        {
          "alignItems": "center",
          "flex": 1,
          "flexDirection": "row",
          "justifyContent": "flex-end",
          "width": "100%",
        },
        undefined,
      ]
    }
  >
    <View
      style={
        [
          {
            "alignItems": "stretch",
            "flex": undefined,
            "flexDirection": "column",
            "justifyContent": "flex-start",
            "width": "100%",
          },
          {
            "marginRight": 10,
            "width": "auto",
          },
        ]
      }
    >
      <Text
        style={
          {
            "color": "#53E520",
            "fontFamily": "Poppins-Bold",
            "fontSize": 14,
            "letterSpacing": undefined,
            "textAlign": "left",
          }
        }
        testID="marketitem-percent"
      >
        4
        %
      </Text>
    </View>
    <SvgMock
      height={12}
      testID="marketitem-dash"
      width={12}
    />
  </View>
</View>
`;
