// Jest Snapshot v1, https://goo.gl/fbAQLP

exports[`should match snapshot 1`] = `
<View
  style={
    [
      {
        "alignItems": "stretch",
        "flex": 1,
        "flexDirection": "column",
        "justifyContent": "flex-start",
        "width": "100%",
      },
      {
        "alignItems": "center",
        "width": "100%",
      },
    ]
  }
  testID="test-welcomecardsarea-id"
>
  <View
    style={
      [
        {
          "alignItems": "stretch",
          "flex": 1,
          "flexDirection": "column",
          "justifyContent": "flex-start",
          "width": "100%",
        },
        {
          "width": "85%",
        },
      ]
    }
    testID="welcomecardsarea-card"
  >
    <View
      style={
        [
          {
            "alignItems": "stretch",
            "flex": undefined,
            "flexDirection": "row",
            "justifyContent": "space-between",
            "width": "100%",
          },
          {
            "marginTop": 50,
          },
        ]
      }
    >
      <View
        style={
          [
            {
              "alignItems": "stretch",
              "flex": undefined,
              "flexDirection": "column",
              "justifyContent": "flex-start",
              "width": "100%",
            },
            {
              "width": "78%",
            },
          ]
        }
      >
        <Text
          style={
            {
              "color": "black",
              "fontFamily": "Poppins-Bold",
              "fontSize": 40,
              "textAlign": "left",
            }
          }
          testID="welcomecardsarea-header"
        >
          maintext
        </Text>
      </View>
      <View
        style={
          [
            {
              "alignItems": "stretch",
              "flex": undefined,
              "flexDirection": "column",
              "justifyContent": "flex-start",
              "width": "100%",
            },
            {
              "width": "auto",
            },
          ]
        }
      >
        <SvgMock
          height={60}
          testID="welcomecardsarea-logo"
          width={60}
        />
      </View>
    </View>
    <View
      style={
        [
          {
            "alignItems": "stretch",
            "flex": undefined,
            "flexDirection": "column",
            "justifyContent": "flex-start",
            "width": "100%",
          },
          {
            "marginTop": 20,
          },
        ]
      }
    >
      <Text
        style={
          {
            "color": "black",
            "fontFamily": "Poppins-Light",
            "fontSize": 14,
            "fontWeight": "400",
            "textAlign": "left",
          }
        }
        testID="welcomecardsarea-label"
      >
        cardtext
      </Text>
    </View>
    <View
      style={
        [
          {
            "alignItems": "flex-end",
            "flex": undefined,
            "flexDirection": "column",
            "justifyContent": "flex-start",
            "width": "100%",
          },
          {
            "marginTop": 30,
          },
        ]
      }
    >
      <View
        accessibilityRole="button"
        accessibilityState={
          {
            "busy": undefined,
            "checked": undefined,
            "disabled": false,
            "expanded": undefined,
            "selected": undefined,
          }
        }
        accessibilityValue={
          {
            "max": undefined,
            "min": undefined,
            "now": undefined,
            "text": undefined,
          }
        }
        accessible={true}
        collapsable={false}
        focusable={true}
        onBlur={[Function]}
        onClick={[Function]}
        onFocus={[Function]}
        onResponderGrant={[Function]}
        onResponderMove={[Function]}
        onResponderRelease={[Function]}
        onResponderTerminate={[Function]}
        onResponderTerminationRequest={[Function]}
        onStartShouldSetResponder={[Function]}
        style={
          [
            {
              "alignItems": "center",
              "borderRadius": 8,
              "borderStyle": "solid",
              "borderWidth": 1,
              "height": 65,
              "justifyContent": "center",
              "opacity": 1,
            },
            false,
            {
              "borderWidth": 0,
            },
          ]
        }
        testID="welcomecardsarea-button"
      >
        <Text
          style={
            [
              {
                "fontFamily": "Poppins-Bold",
                "fontSize": 18,
                "textAlign": "center",
              },
              {
                "color": "#363062",
              },
            ]
          }
          testID="button-text"
        >
          buttontext
        </Text>
      </View>
    </View>
  </View>
</View>
`;
