// Jest Snapshot v1, https://goo.gl/fbAQLP

exports[`should match snapshot 1`] = `
<TextInput
  accessibilityHint="Type username here"
  accessibilityLabel="Username input"
  autoComplete="off"
  autoCorrect={false}
  onChangeText={[MockFunction]}
  secureTextEntry={false}
  style={
    {
      "borderColor": "#363062",
      "borderRadius": 8,
      "borderWidth": 1,
      "fontFamily": "Poppins-Light",
      "fontSize": 16,
      "fontWeight": "400",
      "height": 65,
      "paddingLeft": 30,
      "width": "100%",
    }
  }
  testID="test-input-id"
  value=""
/>
`;
