// Jest Snapshot v1, https://goo.gl/fbAQLP

exports[`should match snapshot 1`] = `
<RNCSafeAreaView
  edges={
    [
      "bottom",
      "left",
      "right",
      "top",
    ]
  }
  style={
    {
      "backgroundColor": "#363062",
      "height": "100%",
      "width": "100%",
    }
  }
  testID="test-container-id"
/>
`;
